// Jest Snapshot v1, https://goo.gl/fbAQLP

exports[`PostList Renders as expected 1`] = `
<div
  className="postlist"
>
  <div
    className="post"
  >
    <div
      className="post-heading"
    >
      <h2>
        test title
      </h2>
      <p>
        test body
      </p>
    </div>
    <div
      className="post-counter"
    >
      <span>
        Upvotes: 
        0
      </span>
      <button
        onClick={[Function]}
        type="button"
        value="test title"
      >
        Upvote this
      </button>
    </div>
    <div
      className="post-author"
    >
      Author: 
      test author
    </div>
    <div
      className="post-date"
    >
      Published: 
      test date
    </div>
    <h3>
      Tags:
    </h3>
    <ul>
      <li>
        test tag1
      </li>
      <li>
        test tag2
      </li>
      <li>
        test tag3
      </li>
    </ul>
  </div>
  <div
    className="post"
  >
    <div
      className="post-heading"
    >
      <h2>
        test title 2
      </h2>
      <p>
        Coming soon!
      </p>
    </div>
    <div
      className="post-counter"
    >
      <span>
        Upvotes: 
        0
      </span>
      <button
        onClick={[Function]}
        type="button"
        value="test title 2"
      >
        Upvote this
      </button>
    </div>
    <div
      className="post-author"
    >
      Author: 
      test author 2
    </div>
    <div
      className="post-date"
    >
      Published: 
      test date 2
    </div>
    <h3>
      Tags:
    </h3>
    <ul>
      <li>
        test tag1-2
      </li>
      <li>
        test tag2-2
      </li>
      <li>
        test tag3-2
      </li>
    </ul>
  </div>
</div>
`;
